======================================================================================================
LAND ROUND-ADVANCE — PACKAGE 2b DRY RUN — the round lander's no-op rehearsal on the live tree
  tree      : /home/user/afl-rl-engine
  owner word: NO OWNER WORD IS QUOTED HERE AND NONE IS OWED: this spec arms nothing, applies nothing and lands no round. The act's authority is the owner-locked PLAN_v6 PACKAGE 2b; the register banks the owner's go for P2b at v811 in the pen's own summary rather than as a verbatim quotation, and this seat does not manufacture one. A REAL round advance fills this slot with the owner's words and round.arming with his score-write token (law 10(c)).
  prereg    : docs/evidence/p2b_round_lander_2026-08-21/01_DRYRUN_DECLARATION.md   predicts board b3e8da99bc7f632e5d1eebc732f9cf01
  mode      : DRY RUN builder=real
  NOTE      : this act is a DECLARED NO-OP REHEARSAL — it predicts the board it already has and moves no identity.
======================================================================================================

--- STEP 0/13  preflight      clean tree, build lock, the restore point ---
RL_/PAR_ environment  RL_FV, RL_REPO, RL_VENV
build-lock: HELD by land-round-3341 (pid 3341) — single writer for the shared workspace.
base commit        cd53872f3aa947f50d01c4ee9722fa3380a2e371
board pin (before) b3e8da99bc7f632e5d1eebc732f9cf01
store pin (before) b745002eb0a0fbb1c34fa44f1ef708d6
restore point      167 carrier(s) captured, 167 present on disk
    [preflight OK  0.11s]

--- STEP 1/13  sheet          the sheet re-cut + its ONE pin declaration, own commit ---
sheet         docs/owner_annotations/SITTER_2026_v1.csv
  MEASURED (never typed): md5=21361291f26d35108b88f92f885c5063 rows=219 injured_y=35
  PINNED                : md5=21361291f26d35108b88f92f885c5063 rows=219 injured_y=35
the declaration describes the sheet on disk. NO RE-CUT DECLARED — this step writes nothing, and `land round` remains the pin file's sole writer by not writing.
    [sheet OK  0.00s]

--- STEP 2/13  scores         the owner's score file and the bindings, asserted ---
no scores file declared — this act is a REHEARSAL and applies nothing.
    [scores OK  0.00s]

--- STEP 3/13  catchup_preflight read-only preflight, CLEAN, then the inputs commit ---
no scores file — nothing to preflight. (REHEARSAL.)
    [catchup_preflight OK  0.00s]

--- STEP 4/13  advance        THE ARMED CATCH-UP — ADVANCE-REPIN runs inside it ---
REHEARSAL — nothing is armed and nothing is applied.
  as_of_round  23                                 HELD
  board        b3e8da99bc7f632e5d1eebc732f9cf01   HELD
  store        b745002eb0a0fbb1c34fa44f1ef708d6   HELD
    [advance OK  0.01s]

--- STEP 5/13  generator_sync the generator-side board copy, synced and DISCLOSED ---
published board  b3e8da99bc7f632e5d1eebc732f9cf01   sidecar 8dfebf8d3ab1c8dbafafc36abe083b7d
generator board  b3e8da99bc7f632e5d1eebc732f9cf01   sidecar 8dfebf8d3ab1c8dbafafc36abe083b7d
the generator-side copy is already the published board. Nothing to sync.
    [generator_sync OK  0.00s]

--- STEP 6/13  day0           the day-0 reference — regenerated AT the advance, only ---
day-0 re-base : OFF (default). The standing reference is NOT regenerated by this advance, and the M1b ruling is why: automation never re-bases itself green.
  (register v810 item 1: the reference wants regeneration AT an advance. Activating it is an owner-visible input, not a default.)
    [day0 OK  0.00s]

--- STEP 7/13  contract       restamp_dynamic + the bake-lane repin + check ---
contract seal self-consistent before the act: 1b435ff6f988
  config       eed19a75f775aeafe4ee5ea4b3990667192d8f90389ad6b0e8318e91062d14c1   == expected_boot
  engine_head  3af8c1f7d61275c198a5df70c34608c7   == expected_boot
  rl_model     6fe7c4155866d80e8045bed2d3bf2802   == expected_boot
  fv           6e9a370e5970c5aefa859858070f4c3420f0177b4698d6fac90bd08bf1780346   == expected_boot
  store        b745002eb0a0fbb1c34fa44f1ef708d6   == expected_boot
  board        b3e8da99bc7f632e5d1eebc732f9cf01   == expected_boot
WRITER 1: release_contract.restamp_dynamic(root, as_of_round=23, store, board, season_state)
   --dry-run: not called.
WRITER 2: the bake-lane identities restamp_dynamic does not touch
  contract config_sha256      eed19a75f775 -> eed19a75f775
  contract identities.engine_head  3af8c1f7d612 -> 3af8c1f7d612
  contract identities.rl_model     6fe7c4155866 -> 6fe7c4155866
  contract identities.fv           6e9a370e5970 -> 6e9a370e5970
  contract_sha256             1b435ff6f988 -> 1b435ff6f988
  frozen fields asserted unmoved: 10 checked, 0 moved
    [contract OK  0.01s]

--- STEP 8/13  sibling        the balanced sibling: verify (the repin ran in-txn) ---
verify BEFORE : ok=True balanced=7c32a540578b fails=0
the sibling is CURRENT — nothing to reconcile, and this step writes nothing.
    [sibling OK  0.14s]

--- STEP 9/13  ui             ALL FOUR UI writers, and the identity read back out ---
BEFORE  working 4f42b510889b45610494e2fc869971c4  release-block=True
BEFORE  public  712137d74179d5b5bb77f32c7315f69f  release-block=False
BEFORE  mirror  5608bf86cf83544fac3bb99f3f6b6830  register=13 entr(ies)
BEFORE  movers  d9a64c26a1aa6d5ae32511f74be25e36  model_changes=11 boundar(ies)
--dry-run: none of the four writers is run.
    [ui OK  0.09s]
    build-lock: RELEASED after 'ui' — the remaining steps write nothing and the one gate that builds takes the lock itself.

--- STEP 10/13  movers_page    the owner's movers page, through the frozen template ---
THE LIVE BOARD HAS MOVED SINCE THIS REPORT, OUT OF ROUND — and that is a fact about the tree, not a defect in the report:
  report board  7a3f4fe23207a29095e6d37408a4b727   (what round 23's scores produced)
  live board    b3e8da99bc7f632e5d1eebc732f9cf01   (3 out-of-round point(s) registered at round 23 since)
      the-f5-rounding-20-8           c97a4d9f9fa42597f85517c7850d3943
      the-backrows-repair-20-8       68be10c79d0ee096455754e084bcf757
      the-staircase-adoption-21-8    b3e8da99bc7f632e5d1eebc732f9cf01
fences OK: report R23, board 7a3f4fe23207, baseline 'the-sheet-recut-20-8' at round 22 (rule M0, via previous_point)
slots.validate("movers", <the R23 payload>) -> NO PROBLEMS — the template fits.
--dry-run: the page RENDERS and validates (193596 bytes, 804 rows) and is NOT written to docs/evidence/p2b_round_lander_2026-08-21/MOVERS_R23.html.
    [movers_page OK  0.14s]

--- STEP 11/13  gates          the landing gate set, verdicts off exit codes ---
  release_manifest_check   PASS   exit=0  (0.1s)
  release_contract_check   PASS   exit=0  (0.1s)
  acceptance_runner        PASS   exit=0  (425.0s)
  movers_transition        PASS   exit=0  (2.0s)
  movers_ui                PASS   exit=0  (0.7s)
    [gates OK  427.96s]

--- STEP 12/13  claims         emit the claims file and verify it against the tree ---
    [claims OK  0.04s]

--- STEP 13/13  commit         ONE commit, explicit paths only ---
explicit paths (6):
    docs/evidence/p2b_round_lander_2026-08-21/gate_acceptance_runner.txt
    docs/evidence/p2b_round_lander_2026-08-21/gate_acceptance_runner_evidence/
    docs/evidence/p2b_round_lander_2026-08-21/gate_movers_transition.txt
    docs/evidence/p2b_round_lander_2026-08-21/gate_movers_ui.txt
    docs/evidence/p2b_round_lander_2026-08-21/gate_release_contract_check.txt
    docs/evidence/p2b_round_lander_2026-08-21/gate_release_manifest_check.txt
--dry-run: not committing.
    [commit OK  0.02s]

--- STEP TIMING, MACHINE-RECORDED (the M2 measure-then-quote ruling) ---
    preflight          0.11s  OK
    sheet              0.00s  OK
    scores             0.00s  OK
    catchup_preflight     0.00s  OK
    advance            0.01s  OK
    generator_sync     0.00s  OK
    day0               0.00s  OK
    contract           0.01s  OK
    sibling            0.14s  OK
    ui                 0.09s  OK
    movers_page        0.14s  OK
    gates            427.96s  OK
    claims             0.04s  OK
    commit             0.02s  OK
    TOTAL            428.52s

======================================================================================================
LANDING COMPLETE — every step's postcondition held.
SOAK: hand-verification stands until the owner's word per act type (G3.iv).
======================================================================================================
work dir discarded (the landing completed): /tmp/landing_work_3341
