boot-store guard (Guard 5) PASS  [ship_gates_check]  store b4d23810 == pinned b4d23810  |  rl_model 6fe7c415 == pinned 6fe7c415  |  fv 123a8155 == pinned 123a8155 (checkout+loaded-path) (ID-PRIMARY MIGRATION candidate (clean scope) 2026-07-12 — NOT A BAKE PROMOTION (no tag, no main merge; owner word required). base = v2.8 (store 04f38dad, board 9ecbe0fa). Store MOVED 04f38dad -> b0c39d78: 804 stable_player_id (afl-player-v1-<20hex>) + affl_team + eligibilities attached (identity fields, not read by ev(), 0 board movers); 5 named DOB corrections (onley/kickett/rodriguez/driscoll _by 2000->2007/2006; mcandrew _by 1999->2000); taylor-adams marked _retired (mid-season retirement). RE-ENTRY TRIO (perez/mcandrew/keane -> pickless SSP) DEFERRED to the v2.9 lever build (owner-ruled 2026-07-12; register v11 item 11a) — it reprices 657 non-named rows via the load-time calibration refit. luke-nankervis NO-import (store PSD pick 2 stands). Engine code UNTOUCHED at the store migration (head 7a07e369) -> board de4baef9; book RE-SEALED for the new store (n re-counted). [v2.9 REFIT+BAKE 2026-07-13 rides ON this store: engine 7a07e369->2030e5df (6 env-gated levers, default-ON), board de4baef9->8a66b4ba->f2d6e3f5->81e48293 (refit -> export/display -> L7 numéraire+override BAKE, display-only), store b0c39d78 UNCHANGED; cohort gate PASS 126.8/125.2/116.1; see _engine_head_note.] Board movers vs 9ecbe0fa: 94 = 5 DOB + adams removed + 88 hairline retirement ripple (<=+/-2 SCAR, owner-declared expected). Two Max Kings remain separately keyed (collision sentry GREEN). Lineage: v2.8 (9bd0cfd) -> this candidate. Tag push + main promote are owner-only. [ITEM 20 STORE-IDENTITY JOB 2026-07-13 (first job post-v2.9-tag) MOVED the store b0c39d78 -> 340a7a32 and the board 81e48293 -> 3dc19fbb: see _item20_note above. Engine ev()/config/band/rl_model UNCHANGED; the ONLY v mover is bramble (+1); everything else is identity/display. v2.9 tag (9f8ae76) is unmoved and remains canonical; this is the next chapter's first store write, no re-tag.])
config manifest (gate mode) LOADED  hash d4f3c3cf8707  (90 model vars pinned; ambient cleared)
#P9/29B POOL v0 IS CONSUMED (day-0 print). COVERAGE: 1202 of 1202 pool rows map to a SIGNED cell (232 of them on the shipped board). BORROWED CELLS ['PDN|KPF', 'PDS|KPF'] — owner OPTION A, K-shrink limiting case; 3 row(s) stand on a borrowed cell: Kalani White [PDN|KPF, ACTIVE] · Conrad Williams [PDN|KPF, inactive] · Scott Reed [PDS|KPF, inactive]. The halt in pool_v0_of() is LIVE, not armed.
#P9 NON-VACUITY PROVEN ON A REAL ROW: the accessor returns 212.4 for RD|MID (n=176 rows) and RAISES the moment that same cell is null. The guard is live, not silent.
=== STATE: PROTOTYPE/UNREGISTERED @ 17243c16 — NOT AN ENDORSED STATE ===
=== SHIP GATES BOARD — head 17243c16 store b4d23810 config d4f3c3cf8707 — suite 764a0d91 — 2026-08-29 ===
=== CONFIG MANIFEST (gate mode): data/model_config.json hash d4f3c3cf8707350d — ambient model env cleared + pinned; unknown/divergent overrides rejected (halt) ===
=== THREE-COLUMN RULE (Luke, binding D10): CONTROL=7a07e369 · PREVIOUS=efea88e5 · CURRENT=17243c16 ===
A1        PASS    | PASS    | PASS     Duursma>Uwland: 3737 vs 2028
A2        FAIL    | FAIL    | FAIL     Curtis>=0.90xWard: 1640 vs 2549 (Ward=2832, ratio=0.579) [AMENDED 02/07/2026; UNCHANGED at 0.90 by ruling D7 — Luke: "we can look at Curtis down the line"]; Weddle>Ward: 1383 vs 2832
A3   [DC] FAIL    | FAIL    | FAIL     Connor Rozee: 2026=3357 2025=5255 ratio=0.64 (need >=0.75) [evaluated PRE-LTI-layer — Luke 02/07; AMENDED 0.80->0.75 Luke D7 data-caused (out for 2026), knife-edge by design]
          triage: [DC] gate — attribute ENGINE- vs DATA-caused BEFORE this blocks (SHIP_GATES PROCESS)
A4        PASS    | PASS    | PASS     Harley Reid board rank=34 ev=4061 (need TOP 40)
A5        PASS    | PASS    | PASS     Jack Ginnivan=2314 (floor 1600); Jake Bowey=4188 (floor 2100); Nick Blakey=4274 (floor 2600) [SCAR floors — RE-BASE if PVC re-levels]
A6        PASS    | PASS    | PASS     yr1-3 RUCK median=287 (n=11, pooled — thin slice) vs pick-matched MID kernel median=579 (n=70, bw=0.6 log-pick, RATIFIED 02/07)
A7        PASS    | PASS    | PASS     Ryan Maric: future_position=MID gfut=MID (need MID/MID) [AMENDED 2026-07-05: _fut blend stripped -> single future_position, owner-authorised]; Ed Langdon: future_position=SD gfut=SD (need SD/SD) [AMENDED 2026-07-05: _fut blend stripped -> single future_position, owner-authorised]
A8   [DC] PASS    | PASS    | PASS     Berry=2968 Tsatas=869 ratio=3.41x (need >=2.00x) [display de-ambiguated D4 02/07]
A9        PASS    | PASS    | STRUCK   Luke 2026-08-20 — player-ordering assertion RETIRED, verbatim: "Those player ordering assertions were retired and are outdated. Since they occurred, Ward has hit an excellent run of form." Prior pattern: scored-never-flagged (register A9/pair-2 precedent); dated reads retired wholesale RULEBOOK v2.1 PART 2 (owner 2026-07-22). Zombie note: retired while this suite was bricked at :49; surfaced FAIL only on the first run after the unbricking. scoring code deleted (shrink S5, 2026-08-28); the retirement note stands per P11.  <- MOVED
A10  [DC] PASS    | PASS    | PASS     Charlie Curnow: 2026=1322 2025=1976 ratio=0.67 (need >=0.50) [AMENDED 0.70->0.50 Luke 02/07 data-caused, PROVISIONAL — review at season-complete]
A11  [DC] PASS    | PASS    | PASS     Farrow>Patterson: 2174 vs 1193; Cumming>Annable: 2434 vs 1353
A12  [DC] FAIL    | FAIL    | FAIL     Travaglia>Moraes: 517 vs 712; Smillie>Retschko: 981 vs 883
          triage: [DC] gate — attribute ENGINE- vs DATA-caused BEFORE this blocks (SHIP_GATES PROCESS)
A13       PENDING | PENDING | PENDING  PVC stage not run; advisory vs stand-in PVC[1]=3000: George Wardlaw=3313 lineball=True; Levi Ashcroft=3787 lineball=False
A14       PENDING | PENDING | PENDING  PVC stage not run; advisory vs stand-in PVC[8]=1343: Trent Rivers=1597 lineball=True; Zach Reid=1348 lineball=True; Jase Burgoyne=2751 lineball=False
A15       STRUCK  | STRUCK  | STRUCK   Luke 02/07/2026 — convexity dimension seeded as V_NEXT #1
B1        PASS    | PASS    | STRUCK   [STRUCK — Luke 2026-08-20, verbatim: "That cohort rail again was retired. Weeks ago." The JULY-8 CONSTRUCTION is RETIRED. Its law, G-COHORT (walk-forward book ratio, max 1.3), was carried by the owner-signed RULEBOOK v2.1 and its twin docs/acceptance_v2_0.json; the v3 amendment of 2026-08-20 removed that twin and records G-COHORT in RULEBOOK PART 3 as RETIRED, with its 1.3 payload written down there. RULEBOOK PART 3 is the pointer of record. Zombie note: retired while this suite was bricked at :49; surfaced HALT only on the first run after the unbricking. SCORED, NEVER FLAGGED — every figure below still prints; only the alarm is removed] candidate matrix unavailable, so the struck rail scored nothing this run (the v2.5 comparator is NOT substituted): None  <- MOVED
B2        PASS    | PASS    | PASS     leave-cohort-out sensitivity (2014-2018 ND held out): median |IS-WF| leakage=0.000 %-pts (FULL precision; tol 0.5 UNCHANGED, SET 02/07/2026); worst cells RUCK|GOOD|T5:3.91, SD|GOOD|T4:3.02, KPF|GOOD|T4:2.95, RUCK|GOOD|T4:2.72; GOOD>BUST sep KPD 34.3/1.2, KPF 49.3/0.5, MID 39.0/0.6, RUCK 13.7/0.2, SD 41.0/1.1, SF 37.7/0.7 [cert engine 17243c16 store b4d23810 config d4f3c3cf]
B3        PASS    | PASS    | BAKE-SCOPED shrink S10 (owner word 2026-08-28): the freeze-stamp runs at bake acts (arm with SGC_B3=1) — the matrix it seals only moves when the book's inputs move, and rebuilding it cost 45-90 min of every board run for a comparison that cannot say anything new between bakes. The seal baseline stands untouched.  <- MOVED
B4        PASS    | PASS    | PASS     regenerated rl_app_data.json md5=4a52cc44 vs shipped 4a52cc44 (byte-agree gate; export exit=0)
B5        FEATURE | FEATURE | FAIL     floor-as-pricing-feature (Luke-ruled 02/07; VARIANT A flat .05 tail; #326 scope = national draftees + 225 engine-pool entrants on their signed division levels): 27 saves, aggregate lift +4938; the floor is still a pure lower bound: lowered=33 (bar 0), moved outside the floor scope=3 (bar 0); ORDER 46 denied-lift rows=38 (the ruled day-0 cap / never-repossess guard — reported, not a floor impurity; probed 2026-08-28, all explained); saves table printed below (the new alarm surface)  <- MOVED
B6        PASS    | PASS    | PASS     ramp(0..14g)=[1124, 1206, 1319, 1438, 1579, 1678, 1926, 2063, 2187, 2306, 2606, 2885, 3166, 3322, 3429]; dips(more games worth less)=none; 0->6 rise T=+802; 0->6 steps>50%T=none; rise by 3g=+315 (need >=201) [whole-ramp re-spec, DECLARED thresholds]
D14a      PASS    | PASS    | PASS     same pos×draft-age×recorded-pick ⇒ identical V0* across draft years: max cross-draft dispersion=0.0000 SCAR over the 1448 rows the surface prices (Luke's amended law; board path) [report-only, all ND incl. 122 pool rows at 65+: 235.4]
D14b      PASS    | PASS    | PASS     within (pos×draft-age×draft-year) V0 inversions under V0* = 0 (D13 guard-transform → assertion; obituary E5) [report-only, all ND incl. pool: 432 — ladder-vs-pool pairs, different price objects]
D14c      PASS    | PASS    | PASS     KPP retention floor O1 depth-monotone = True (max of isotonic-non-increasing KPP/nonKPP; comparator nonKPP-only)
D14d      —       | —       | PASS     SURFACE never-rises (R12): 0 rising step(s) picks 1-64 · 0 over the full 1-90 grid · scanned 90 pos×draft-age profiles (8010 adjacent pairs; players expose ~8%)  <- MOVED
C1        PENDING | PENDING | PENDING  naive-baseline book not yet built — definition proposal in report (needs its own directive)
C2        PENDING | PENDING | PENDING  V1-pick-model book not yet built — definition proposal in report (needs its own directive)
          columns: CONTROL | PREVIOUS | CURRENT (three-column rule; snapshots data/gates_snapshots/)
VERDICT: BAKE-SCOPED=1  FAIL=4  PASS=15  PENDING=4  STRUCK=3  (2110s)

B5 FLOOR-SAVES (the new alarm surface — mispricings stay visible, never silently clamped):
| player | club | yrs-in-system | raw ev | floor | saved-to | lift | register status |
|---|---|---|---|---|---|---|---|
| Tom Green | — | 7 | 4278 | 90.9 | 5530 | +1253 | clear |
| Nicholas Martin | — | 5 | 3121 | 42.3 | 4100 | +979 | clear |
| Connor Rozee | — | 8 | 2512 | 111.7 | 3357 | +845 | clear |
| Joshua Kelly | — | 13 | 424 | 157.6 | 770 | +347 | clear |
| Jack Viney | — | 14 | 244 | 77.0 | 555 | +311 | clear |
| Brayden Fiorini | — | 11 | 240 | 52.9 | 439 | +200 | clear |
| Darcy Jones | — | 4 | 1392 | 133.2 | 1574 | +182 | clear |
| Latrelle Pickett | — | 1 | 396 | 486.8 | 538 | +142 | clear |
| Mitchell Hinge | — | 10 | 272 | 12.9 | 413 | +141 | clear |
| Wil Dawson | — | 3 | 301 | 169.8 | 417 | +116 | clear |
| Sam Powell-Pepper | — | 10 | 133 | 33.4 | 230 | +96 | clear |
| Thomas Sims | — | 2 | 585 | 187.5 | 636 | +51 | clear |
| Alex Dodson | — | 2 | 106 | 125.3 | 151 | +45 | clear |
| Jordan Croft | — | 3 | 508 | 191.7 | 540 | +32 | clear |
| William McCabe | — | 3 | 342 | 183.1 | 371 | +29 | clear |
| Harry Edwards | — | 8 | 129 | 19.4 | 157 | +28 | clear |
| Riley Garcia | — | 7 | 85 | 8.0 | 113 | +28 | clear |
| Daniel Annable | — | 1 | 1326 | 938.7 | 1353 | +27 | clear |
| Matt Whitlock | — | 2 | 286 | 192.2 | 307 | +21 | clear |
| Jesse Motlop | — | 5 | 136 | 64.9 | 155 | +18 | clear |
| Sid Draper | — | 2 | 954 | 860.7 | 964 | +10 | clear |
| Dylan Patterson | — | 1 | 1184 | 516.2 | 1193 | +9 | clear |
| Josh Sinn | — | 5 | 205 | 122.1 | 213 | +8 | clear |
| Oliver Hannaford | — | 2 | 238 | 233.8 | 245 | +7 | clear |
| Ollie Lord | — | 6 | 127 | 17.9 | 133 | +7 | clear |
| Tew Jiath | — | 3 | 111 | 120.9 | 116 | +5 | clear |
| Harrison Oliver | — | 2 | 379 | 244.2 | 381 | +2 | clear |
report: /home/user/afl-rl-engine/session_2026-07-02/ship_gates_report_17243c16.md  md5=9d276f33

[exited with code 1]
