#P9/29B POOL v0 IS CONSUMED (day-0 print). COVERAGE: 1202 of 1202 pool rows map to a SIGNED cell (232 of them on the shipped board). BORROWED CELLS ['PDN|KPF', 'PDS|KPF'] — owner OPTION A, K-shrink limiting case; 3 row(s) stand on a borrowed cell: Kalani White [PDN|KPF, ACTIVE] · Conrad Williams [PDN|KPF, inactive] · Scott Reed [PDS|KPF, inactive]. The halt in pool_v0_of() is LIVE, not armed.
#P9 NON-VACUITY PROVEN ON A REAL ROW: the accessor returns 212.4 for RD|MID (n=176 rows) and RAISES the moment that same cell is null. The guard is live, not silent.
in-sample @150 built
  cohort 2014: n=64 held out, wf-rows=12649 (22s)
  cohort 2015: n=60 held out, wf-rows=12660 (29s)
  cohort 2016: n=67 held out, wf-rows=12625 (33s)
  cohort 2017: n=69 held out, wf-rows=12659 (30s)
  cohort 2018: n=60 held out, wf-rows=12772 (30s)

=== WITHIN-PLAYER value-by-tenure, % of PAR-value (leakage-guarded WF vs in-sample IS) ===
  future-GOOD should sit near/above 100 early & flat; BUST below & staying low; watch for violent yr0/1 moves
  MID      GOOD n=54  WF[T0:  27 T1:  32 T2:  34 T3:  49 T4:  47 T5:  44]
                       IS[   27   31   34   48   47   43 ]  (gap IS-WF = leakage)
  MID      BUST n=15  WF[T0:   1 T1:   1 T2:   1 T3:   1 T4:   1 T5:   1]
                       IS[    1    1    1    1    1    1 ]  (gap IS-WF = leakage)
  SF       GOOD n=42  WF[T0:  31 T1:  41 T2:  36 T3:  43 T4:  39 T5:  35]
                       IS[   31   42   38   43   42   35 ]  (gap IS-WF = leakage)
  SF       BUST n=11  WF[T0:   1 T1:   1 T2:   1 T3:   1 T4:   1 T5:   1]
                       IS[    1    1    1    1    1    1 ]  (gap IS-WF = leakage)
  KPF      GOOD n=21  WF[T0:  37 T1:  37 T2:  47 T3:  51 T4:  60 T5:  53]
                       IS[   37   37   47   52   57   54 ]  (gap IS-WF = leakage)
  KPF      BUST n= 5  WF[T0:   0 T1:   0 T2:   0 T3:   0 T4:   0 T5:   0]
                       IS[    0    0    0    0    0    0 ]  (gap IS-WF = leakage)
  SD       GOOD n=51  WF[T0:  24 T1:  37 T2:  37 T3:  45 T4:  54 T5:  61]
                       IS[   24   38   39   46   51   61 ]  (gap IS-WF = leakage)
  SD       BUST n= 8  WF[T0:   1 T1:   1 T2:   1 T3:   1 T4:   1 T5:   1]
                       IS[    1    1    1    1    1    1 ]  (gap IS-WF = leakage)
  KPD      GOOD n=30  WF[T0:  25 T1:  27 T2:  39 T3:  30 T4:  40 T5:  43]
                       IS[   25   27   39   32   40   44 ]  (gap IS-WF = leakage)
  KPD      BUST n= 4  WF[T0:   1 T1:   1 T2:   1 T3:   1 T4:   1 T5:   1]
                       IS[    1    1    1    1    1    1 ]  (gap IS-WF = leakage)
gate1 certificate written: /home/user/cand_build/root/docs/evidence/combined_build_2026-08-27/gate1_cert_cand.json (engine 856e8328 store fb640ca0 config f233d160)
