======================================================================================================
LAND STORE-EDIT — FINALS WEEK 2 APPLIED AS A STORE EDIT — 183 players at eight clubs gain one game and a re-averaged 2026 season row. Same lane as FW1, second week: the calendar is not touched, because a finals week was never a calendar event — the store has always carried finals inside the season row (Bontempelli 2016 reads 26 games, 22 home-and-away plus four finals). This is the first finals week landed through the written runbook rather than discovered on the way.
  tree      : /home/user/afl-rl-engine
  owner word: The owner sent scores/FW2.csv on 2026-09-09 with one disambiguation — "Bailey Williams is the Western Bulldogs one" — which is the whole of the instruction: the lane itself was ruled at FW1 and is not re-opened here. That ruling stands: "We're literally just updating player averages and game counts." And on scope: "As long as it doesn't impact the movers list still being accurate as of each round since round 14." Plus the calendar law, 2026-09-02: "The calendar can never get above 1. It gets there at r24 and holds."
  prereg    : docs/evidence/finals_fw2_2026-09-09/PREREG.md   predicts board None
  mode      : APPLY builder=real
======================================================================================================

--- STEP 0/11  preflight      clean tree, build lock, the restore point ---
    [preflight FAILED  0.02s]

======================================================================================================
LANDING ABORTED AT STEP 'preflight'
======================================================================================================
  THE TREE IS NOT CLEAN. A landing transaction starts from a committed tree, or its abort restores a state nobody chose:
       M docs/evidence/finals_fw2_2026-09-09/FLIGHT.log
       M docs/evidence/finals_fw2_2026-09-09/PREFLIGHT.json
       M docs/evidence/finals_fw2_2026-09-09/REPORT.json
       M docs/evidence/finals_fw2_2026-09-09/build_LANDING.txt
      ?? docs/evidence/finals_fw2_2026-09-09/ABORT_build_proofs.json

NO RESTORE POINT EXISTS: the failure precedes step 0's capture, so nothing was written by this landing and there is nothing to restore. The tree is as the landing found it.

THE RECOVERY LADDER: abort-then-retry is the recovery. A landing this lander cannot
complete after abort+retry is a round that SLIPS, on the owner's call — never an
improvised manual landing under pressure.
======================================================================================================

--- STEP TIMING, MACHINE-RECORDED (the M2 measure-then-quote ruling) ---
    preflight          0.02s  FAIL
    TOTAL              0.02s
work dir discarded (the abort proved every carrier byte-exact): /tmp/landing_work_28592
