player                     g prioravg   r23 v(actual)   best price at a LOWER score
Will Hayes                 8    36.97    48     180.0      242.7 at score   4  (+34.84%)  <== penalised for scoring more
Josh Dolan                10    50.09    48     247.2      300.7 at score  12  (+21.64%)  <== penalised for scoring more
Jack Williams             11    52.41    44     411.3      461.4 at score  40  (+12.19%)  <== penalised for scoring more
Max Kondogiannis          10    36.60    71     358.9      399.0 at score  40  (+11.17%)  <== penalised for scoring more
Lachlan Gulbin            10    45.00    53     234.3      250.9 at score  10  ( +7.11%)  <== penalised for scoring more
Rhett Bazzo               13    61.59    64     514.0      542.7 at score  62  ( +5.59%)  <== penalised for scoring more
Bailey Macdonald          11    54.50    45     106.1      111.9 at score  16  ( +5.44%)  <== penalised for scoring more
Sam Clohesy               11    66.90    77     338.6      352.8 at score  73  ( +4.21%)  <== penalised for scoring more
Harry Rowston             11    61.52    52     524.1      546.1 at score  15  ( +4.20%)  <== penalised for scoring more
Nick Bryan                12    66.11    92     767.7      799.3 at score   7  ( +4.11%)  <== penalised for scoring more
Liam O'Connell            12    48.55    49      73.7       76.7 at score  30  ( +4.08%)  <== penalised for scoring more
Riley Hardeman             6    39.20    57     342.5      355.3 at score  34  ( +3.74%)  <== penalised for scoring more
Josaia Delana              8    48.00    52     206.8      214.5 at score  14  ( +3.71%)  <== penalised for scoring more
Will Setterfield          10    80.78   111     792.2      818.9 at score 109  ( +3.38%)  <== penalised for scoring more
Luke Trainor              10    55.09    33     932.5      960.2 at score  23  ( +2.97%)  <== penalised for scoring more
Max Gruzewski             13    53.31    60     474.3      487.4 at score   9  ( +2.77%)  <== penalised for scoring more
Mark Keane                 8    68.43    73    1365.3     1396.4 at score  34  ( +2.28%)  <== penalised for scoring more
Billy Cootee               8    47.71    29     144.4      147.0 at score   1  ( +1.78%)  <== penalised for scoring more
Hayden Young              12    82.00    77    1760.4     1786.2 at score  66  ( +1.46%)  <== penalised for scoring more
Balyn O'Brien              5    26.75    50     333.0      337.8 at score  39  ( +1.44%)  <== penalised for scoring more
Callum Ah Chee             7    58.37    43      23.4       23.7 at score  31  ( +1.42%)  <== penalised for scoring more
Errol Gulden              10   112.56   151    7075.1     7151.0 at score 147  ( +1.07%)  <== penalised for scoring more
Luke Kennedy               5    37.25    44     136.7      138.2 at score  13  ( +1.07%)  <== penalised for scoring more
Toby Murray               12    48.15    19     265.0      267.8 at score   3  ( +1.03%)  <== penalised for scoring more
Beau Addinsall             8    59.14    28    1171.7     1183.2 at score  26  ( +0.98%)  <== penalised for scoring more
Hugh Boxshall              9    54.88   100     755.4      762.7 at score  93  ( +0.97%)  <== penalised for scoring more
Harrison Ramm              5    28.75    44     394.3      397.9 at score  37  ( +0.89%)  <== penalised for scoring more
Sam Taylor                11    62.50    90    1166.9     1177.2 at score  85  ( +0.88%)  <== penalised for scoring more
Joel Hamling               8    51.70    78       9.2        9.3 at score  76  ( +0.87%)  <== penalised for scoring more
Angus Hastie               6    45.60    65     170.1      171.3 at score  64  ( +0.71%)  <== penalised for scoring more
Tobie Travaglia            6    45.40    57     438.2      441.2 at score  56  ( +0.69%)  <== penalised for scoring more
Harvey Harrison           10    46.77    46      69.5       69.9 at score  45  ( +0.63%)  <== penalised for scoring more
Riley Hamilton             7    35.67    45     222.5      223.8 at score  42  ( +0.59%)  <== penalised for scoring more
Taj Hotton                 9    60.88    40    1750.5     1757.5 at score  38  ( +0.40%)  <== penalised for scoring more
Cooper Lord                8    79.44    68    1080.9     1084.9 at score  67  ( +0.37%)  <== penalised for scoring more
Zac Banch                  7    43.83    85      66.2       66.4 at score  76  ( +0.34%)  <== penalised for scoring more
Wade Derksen              12    59.18    55     215.8      216.5 at score  52  ( +0.33%)  <== penalised for scoring more
Liam Puncher               7    37.17    12     178.7      179.2 at score   8  ( +0.28%)  <== penalised for scoring more
Louis Emmett               7    29.67    11     567.6      569.1 at score   4  ( +0.27%)  <== penalised for scoring more
Wil Dawson                 9    33.53    58     297.7      298.4 at score  45  ( +0.23%)  <== penalised for scoring more
Conor Stone                9    52.25    65     117.1      117.3 at score  61  ( +0.16%)  <== penalised for scoring more
Charlie West               7    32.33    50     380.6      381.0 at score  44  ( +0.10%)  <== penalised for scoring more
Alix Tauru                 9    41.90    35     875.5      876.4 at score  32  ( +0.10%)  <== penalised for scoring more
Samuel Swadling            7    57.17   114     953.8      954.5 at score 113  ( +0.08%)  <== penalised for scoring more
Oscar McDonald             9    68.62    73     124.5      124.5 at score  72  ( +0.02%)
Brandon Starcevich        10    51.23    61      10.8       10.8 at score  52  ( +0.01%)
Toby McMullin              7    35.70    51      81.0       81.0 at score  50  ( +0.00%)
Charlie Ballard           10    43.78    55      74.5       74.5 at score  54  ( +0.00%)
Harry Morrison            12    66.27    97      71.3       71.3 at score  96  ( +0.00%)
Eric Hipwood               9    47.25    80      48.6       48.6 at score  79  ( +0.00%)
Daniel Butler              9    32.72    91       3.0        3.0 at score  90  ( +0.00%)
Darcy Gardiner            11    50.11    26       9.3        9.3 at score  25  ( +0.00%)
Jaxon Artemis              5    54.25    44     389.6      389.6 at score  43  ( -0.00%)
Oscar Allen               10    51.98    67     143.2      143.2 at score  66  ( -0.00%)
Hugo Hall-Kahan           10    73.00    61     464.4      464.3 at score  59  ( -0.01%)
Sam Lalor                 12    73.74    59    3583.9     3583.3 at score  58  ( -0.02%)
Jay Polkinghorne           5    44.50    71     227.6      227.5 at score  70  ( -0.03%)
Xavier Bamert              9    42.75    65     444.7      444.5 at score  64  ( -0.05%)
Campbell Lake              8    56.57    63     247.0      246.9 at score  60  ( -0.07%)
Nick Madden                8    78.43    63    1125.1     1124.0 at score  62  ( -0.09%)
James Worpel              11    77.01    54     444.7      444.2 at score  53  ( -0.11%)
Joel Fitzgerald            9    69.37    69     302.9      302.6 at score  68  ( -0.12%)
Jacob Weitering           11    77.50    82    1114.0     1111.6 at score  81  ( -0.21%)
Jack Graham               12    76.64   108     893.0      891.0 at score 107  ( -0.22%)
Darcy Fogarty             13    73.48    50     783.0      781.2 at score  49  ( -0.23%)
Harrison Jones             6    46.00    22     116.7      116.4 at score  21  ( -0.24%)
Toby Nankervis            11   103.60    79    1809.2     1804.7 at score  78  ( -0.25%)
Mitch Zadow                8    38.86    16      97.2       96.9 at score  14  ( -0.27%)
Hugo Ralphsmith           12    58.00    82      98.9       98.6 at score  81  ( -0.30%)
Dayne Zorko               12   102.90   128    1011.5     1008.4 at score 127  ( -0.31%)
Braeden Campbell           5    75.25    62     428.3      426.8 at score  61  ( -0.34%)
Jake Rogers                8    47.29    35     271.3      270.3 at score  34  ( -0.39%)
Thomas Liberatore         11    92.68   135    1109.7     1104.5 at score 134  ( -0.47%)
Marcus Herbert             9    88.87    61     747.8      744.0 at score  60  ( -0.51%)
Chris Scerri               8    47.60    56     341.7      340.0 at score  53  ( -0.51%)
Jhye Clark                 8    70.15    47     821.1      816.5 at score  46  ( -0.56%)
Christian Salem            8    63.86    38      97.6       96.9 at score  37  ( -0.70%)
Harry Kyle                 8    47.63    29     842.3      835.9 at score  28  ( -0.76%)
Blake Acres                9    75.50   125     181.6      179.9 at score 124  ( -0.94%)
Tom McDonald               9    58.75    72      72.3       71.4 at score  71  ( -1.20%)
Cody Weightman             8    53.14    55     189.6      186.7 at score  51  ( -1.51%)
Jackson Macrae            11    70.06   140     191.2      188.1 at score 139  ( -1.62%)
Will Day                  10    89.45    58    2070.8     2033.3 at score  57  ( -1.81%)
Matt Cottrell             11    62.70    71     134.3      131.1 at score  70  ( -2.42%)
Lachie Jaques             10    58.93    32     569.4      552.0 at score  24  ( -3.05%)
Kye Annand                10    59.78    52     410.8      381.7 at score  51  ( -7.08%)

n=86 rows (5-13 games in 2026, played round 23)
  rows where SOME lower round-23 score prices HIGHER than the score he actually made: 44 (51.2%)
    ... by more than  1%: 24 (27.9%)
    ... by more than  2%: 17 (19.8%)
    ... by more than  5%: 7 (8.1%)
    ... by more than 10%: 4 (4.7%)
  median forgone gain over the penalised rows: 1.07%
