avg -> level feature (cp._feat[9]):
   avg  46.00  L=47.23396694
   avg  48.00  L=48.03006539
   avg  50.00  L=48.82616385
   avg  52.00  L=49.62226231
   avg  53.40  L=50.17953123
   dL/davg = 0.39804923  (linear check: mid residual 0.00e+00)

BAND BREAKPOINTS in [46.00, 53.40] (average units), n=56:
   avg* = 46.121005551   dband = +0.000 +0.423 +0.000 +0.000 +0.000 +0.000
   avg* = 46.159032804   dband = +0.000 +0.000 +0.000 +0.000 +0.446 +0.000
   avg* = 46.295261988   dband = +0.000 +0.000 +0.000 -0.152 +0.000 +0.000
   avg* = 46.598291660   dband = +0.000 +0.000 +0.000 +0.000 -0.471 +0.000
   avg* = 46.920929135   dband = +0.000 +0.116 +0.000 +0.000 +0.000 +0.000
   avg* = 47.195064611   dband = +0.000 +0.000 +0.000 +0.000 -0.047 +0.000
   avg* = 47.432984113   dband = +0.000 +0.216 +0.000 +0.000 +0.000 +0.000
   avg* = 47.550084669   dband = +0.498 +0.000 +0.000 +0.000 +0.000 +0.000
   avg* = 47.568312450   dband = +0.000 +0.000 +0.387 +0.379 +0.000 +0.000
   avg* = 47.595098279   dband = +0.219 +0.000 +0.000 +0.000 +0.179 +0.000
   avg* = 47.715878892   dband = +0.000 +0.000 +0.000 +0.518 +0.000 +0.000
   avg* = 47.753839060   dband = +0.000 +0.000 +0.000 -0.037 +0.000 +0.000
   avg* = 47.768252616   dband = +0.000 +0.080 +0.945 +0.000 +0.000 +0.000
   avg* = 47.934698516   dband = +0.000 +0.000 +0.000 -0.147 +0.000 +0.000
   avg* = 48.055661214   dband = +0.000 +0.314 +0.000 +0.000 +0.000 +0.000
   avg* = 48.187232826   dband = +0.000 +0.000 +0.065 +0.000 +0.000 +0.000
   avg* = 48.210348182   dband = +0.000 +0.000 +0.286 +0.000 +0.000 +0.000
   avg* = 48.243928700   dband = +0.000 +0.000 +0.000 +0.000 +0.000 +0.596
   avg* = 48.246075400   dband = -0.027 +0.000 +0.000 +0.000 +0.000 -0.864
   avg* = 48.261619806   dband = +0.000 +0.000 +0.000 +0.000 +0.250 +0.000
   avg* = 48.304985058   dband = -0.177 +0.000 +0.000 +0.041 -0.783 +0.000
   avg* = 48.497469276   dband = +0.000 +0.000 +0.000 +0.000 -0.523 +0.000
   avg* = 48.556168098   dband = -0.021 +0.000 +0.000 +0.000 +0.000 +0.000
   avg* = 48.660829295   dband = +0.000 +0.000 +0.244 +0.000 +0.000 +0.000
   avg* = 48.903435119   dband = +0.000 +0.000 +0.000 +0.000 +0.000 -0.426
   avg* = 48.933239745   dband = +0.000 +0.000 +0.000 +0.160 +0.000 +0.000
   avg* = 49.028020373   dband = +0.000 +0.000 +0.000 +0.000 +0.000 -1.430
   avg* = 49.039079710   dband = +0.000 +0.000 +0.000 +0.000 +0.000 -0.466
   avg* = 49.187039075   dband = +0.000 +0.000 +0.000 +0.000 -0.605 +0.000
   avg* = 49.206934382   dband = +0.000 +0.000 -0.750 +0.000 -2.076 +0.000
   avg* = 49.454734452   dband = -0.409 +0.000 +0.000 +0.000 +0.000 +0.000
   avg* = 49.878008062   dband = +0.000 +0.000 +0.000 +0.000 +1.342 +0.000
   avg* = 50.197569239   dband = +0.000 +0.000 +1.009 +0.000 +0.000 +0.000
   avg* = 50.277552972   dband = +0.000 +0.000 +0.000 -0.096 +0.000 +0.000
   avg* = 50.475154769   dband = +0.000 +0.000 +0.062 +0.000 +0.000 +0.000
   avg* = 50.699810733   dband = +0.000 +0.000 +0.000 +0.000 +0.346 +0.000
   avg* = 50.712988019   dband = +0.341 +0.000 +0.000 +0.000 +0.000 +0.000
   avg* = 51.122327247   dband = +0.974 +0.000 +0.000 +0.000 +0.181 +0.000
   avg* = 51.218478313   dband = +0.000 +0.000 +0.000 +0.734 +0.000 +0.000
   avg* = 51.230141410   dband = +0.000 +0.000 +0.000 +0.220 +0.000 +0.000
   avg* = 51.480529020   dband = +0.000 +0.000 +0.000 +0.483 +0.000 +0.000
   avg* = 51.530305621   dband = +0.000 +0.000 -0.238 +0.000 +0.000 +0.000
   avg* = 51.736618802   dband = +0.000 +0.000 -0.092 +0.000 +0.000 +0.000
   avg* = 51.824853913   dband = +0.000 +0.000 +0.000 +0.596 +0.000 +0.000
   avg* = 51.981908001   dband = +0.000 +0.000 -0.297 -0.340 +0.000 +0.000
   avg* = 51.986594323   dband = +0.000 +0.000 +0.000 -0.097 +0.000 +0.000
   avg* = 52.310218896   dband = +0.000 +0.419 +0.000 +0.000 +0.000 +0.000
   avg* = 52.331839230   dband = +0.000 +0.000 +0.083 +0.000 +0.000 +0.000
   avg* = 52.361806775   dband = +0.000 +0.000 +0.000 +0.542 +0.000 +0.000
   avg* = 52.390087628   dband = +0.000 +0.000 +0.000 +0.000 +0.000 +0.224
   avg* = 52.406839553   dband = +0.000 +0.000 +0.000 +0.000 +0.000 +3.144
   avg* = 52.432015358   dband = +0.000 +0.000 +0.000 -0.392 +0.000 +0.000
   avg* = 52.554444329   dband = +0.000 +0.000 +0.000 +0.000 +0.065 +0.000
   avg* = 52.897341282   dband = +0.000 +0.000 +0.000 +0.000 +0.000 -0.172
   avg* = 53.326125393   dband = +0.000 +0.000 +0.000 +0.000 +0.000 +0.324
   avg* = 53.332958416   dband = +0.000 +0.000 +0.000 +0.000 +0.242 +0.000

PREDICTION — grid steps that must move (breakpoint inside) vs must be bit-identical:
   RISERS/FALLERS predicted at: 46.0->46.2 (2 bp), 46.2->46.4 (1 bp), 46.4->46.6 (1 bp), 46.8->47.0 (1 bp), 47.0->47.2 (1 bp), 47.4->47.6 (4 bp), 47.6->47.8 (3 bp), 47.8->48.0 (1 bp), 48.0->48.2 (2 bp), 48.2->48.4 (5 bp), 48.4->48.6 (2 bp), 48.6->48.8 (1 bp), 48.8->49.0 (2 bp), 49.0->49.2 (3 bp), 49.2->49.4 (1 bp), 49.4->49.6 (1 bp), 49.8->50.0 (1 bp), 50.0->50.2 (1 bp), 50.2->50.4 (1 bp), 50.4->50.6 (1 bp), 50.6->50.8 (2 bp), 51.0->51.2 (1 bp), 51.2->51.4 (2 bp), 51.4->51.6 (2 bp), 51.6->51.8 (1 bp), 51.8->52.0 (3 bp), 52.2->52.4 (4 bp), 52.4->52.6 (3 bp), 52.8->53.0 (1 bp), 53.2->53.4 (2 bp)
   BIT-IDENTICAL predicted at:  46.6->46.8, 47.2->47.4, 49.6->49.8, 50.8->51.0, 52.0->52.2, 52.6->52.8, 53.0->53.2
   restore check: 247.1849444089 (shipped 247.185...)

CONFIRMATION (true ev(), board currency, full precision):
    46.00 ->  46.20   295.2001725129 -> 300.6734619746     +5.473   predicted MOVES(2 bp)    actual MOVES          ok
    46.20 ->  46.40   300.6734619746 -> 300.5746608906     -0.099   predicted MOVES(1 bp)    actual MOVES          ok
    46.40 ->  46.60   300.5746608906 -> 294.8031519805     -5.772   predicted MOVES(1 bp)    actual MOVES          ok
    46.60 ->  46.80   294.8031519805 -> 294.8031519805     +0.000   predicted BIT-IDENTICAL  actual BIT-IDENTICAL  ok
    46.80 ->  47.00   294.8031519805 -> 294.8031519805     +0.000   predicted MOVES(1 bp)    actual BIT-IDENTICAL  *** MISS ***
    47.00 ->  47.20   294.8031519805 -> 294.3923283555     -0.411   predicted MOVES(1 bp)    actual MOVES          ok
    47.20 ->  47.40   294.3923283555 -> 294.3930548341     +0.001   predicted BIT-IDENTICAL  actual MOVES          *** MISS ***
    47.40 ->  47.60   294.3930548341 -> 296.9807714604     +2.588   predicted MOVES(4 bp)    actual MOVES          ok
    47.60 ->  47.80   296.9807714604 -> 297.7769919608     +0.796   predicted MOVES(3 bp)    actual MOVES          ok
    47.80 ->  48.00   297.7769919608 -> 297.5779368357     -0.199   predicted MOVES(1 bp)    actual MOVES          ok
    48.00 ->  48.20   297.5779368357 -> 297.5779368357     +0.000   predicted MOVES(2 bp)    actual BIT-IDENTICAL  *** MISS ***
    48.20 ->  48.40   297.5779368357 -> 288.8526871854     -8.725   predicted MOVES(5 bp)    actual MOVES          ok
    48.40 ->  48.60   288.8526871854 -> 282.9805609950     -5.872   predicted MOVES(2 bp)    actual MOVES          ok
    48.60 ->  48.80   282.9805609950 -> 283.0800885575     +0.100   predicted MOVES(1 bp)    actual MOVES          ok
    48.80 ->  49.00   283.0800885575 -> 278.8853609993     -4.195   predicted MOVES(2 bp)    actual MOVES          ok
    49.00 ->  49.20   278.8853609993 -> 254.7222805358    -24.163   predicted MOVES(3 bp)    actual MOVES          ok
    49.20 ->  49.40   254.7222805358 -> 235.2148782759    -19.507   predicted MOVES(1 bp)    actual MOVES          ok
    49.40 ->  49.60   235.2148782759 -> 235.2416369028     +0.027   predicted MOVES(1 bp)    actual MOVES          ok
    49.60 ->  49.80   235.2416369028 -> 235.2416369028     +0.000   predicted BIT-IDENTICAL  actual BIT-IDENTICAL  ok
    49.80 ->  50.00   235.2416369028 -> 247.2085549620    +11.967   predicted MOVES(1 bp)    actual MOVES          ok
    50.00 ->  50.20   247.2085549620 -> 247.5067744104     +0.298   predicted MOVES(1 bp)    actual MOVES          ok
    50.20 ->  50.40   247.5067744104 -> 247.3727391163     -0.134   predicted MOVES(1 bp)    actual MOVES          ok
    50.40 ->  50.60   247.3727391163 -> 247.3592185431     -0.014   predicted MOVES(1 bp)    actual MOVES          ok
    50.60 ->  50.80   247.3592185431 -> 250.8375978825     +3.478   predicted MOVES(2 bp)    actual MOVES          ok
    50.80 ->  51.00   250.8375978825 -> 250.8350552075     -0.003   predicted BIT-IDENTICAL  actual MOVES          *** MISS ***
    51.00 ->  51.20   250.8350552075 -> 252.7260788960     +1.891   predicted MOVES(1 bp)    actual MOVES          ok
    51.20 ->  51.40   252.7260788960 -> 253.9305803464     +1.205   predicted MOVES(2 bp)    actual MOVES          ok
    51.40 ->  51.60   253.9305803464 -> 254.5291986788     +0.599   predicted MOVES(2 bp)    actual MOVES          ok
    51.60 ->  51.80   254.5291986788 -> 254.6283630021     +0.099   predicted MOVES(1 bp)    actual MOVES          ok
    51.80 ->  52.00   254.6283630021 -> 254.9297305242     +0.301   predicted MOVES(3 bp)    actual MOVES          ok
    52.00 ->  52.20   254.9297305242 -> 254.8894109642     -0.040   predicted BIT-IDENTICAL  actual MOVES          *** MISS ***
    52.20 ->  52.40   254.8894109642 -> 257.7499202893     +2.861   predicted MOVES(4 bp)    actual MOVES          ok
    52.40 ->  52.60   257.7499202893 -> 288.2827647561    +30.533   predicted MOVES(3 bp)    actual MOVES          ok
    52.60 ->  52.80   288.2827647561 -> 288.1995426012     -0.083   predicted BIT-IDENTICAL  actual MOVES          *** MISS ***
    52.80 ->  53.00   288.1995426012 -> 286.2575443339     -1.942   predicted MOVES(1 bp)    actual MOVES          ok
    53.00 ->  53.20   286.2575443339 -> 286.3570718964     +0.100   predicted BIT-IDENTICAL  actual MOVES          *** MISS ***
    53.20 ->  53.40   286.3570718964 -> 292.2181394688     +5.861   predicted MOVES(2 bp)    actual MOVES          ok
PREDICTION SCORE: 30/37 grid steps correct, 7 misses
