======================================================================================================
LAND STORE-EDIT — WILL GRAHAM DUAL-STREAM CORRECTION — store p_dual_stream 90 -> 40 (owner-supplied data field)
  tree      : /tmp/graham_flight_1756/sandbox
  owner word: Can we please edit Will Graham to be a 40% only SF then in the store and recalculate?
  prereg    : docs/evidence/graham_dual_2026-08-24/PREREG.md   predicts board 82fcd8bb1e552b927299b5702122e321
  mode      : APPLY builder=real
======================================================================================================

--- STEP 0/11  preflight      clean tree, build lock, the restore point ---
RL_/PAR_ environment  RL_FV, RL_REPO, RL_VENV
build-lock: HELD by land-edit-1808 (pid 1808) — single writer for the shared workspace.
base commit        26373ad51aafb27da60c8c4492faafd4727e7846
board pin (before) 6fd0f7ded2b280d1a90962c299a152e3
store pin (before) daa93053bc2d4eba30d9dc6e06e4af9e
restore point      62 carrier(s) captured, 62 present on disk
    [preflight OK  0.07s]

--- STEP 1/11  store_edit     THE SURGICAL STORE EDIT, applied in the work dir ---
store BEFORE  daa93053bc2d4eba30d9dc6e06e4af9e   (1978074 bytes)
              == expected_boot.store, so the tree is the one this act was written for.
THE EDIT — surgical, inside the named row's span; `old` asserted, never repaired:
    will-graham                  p_dual_stream      90 -> 40   (row span 164121..164899, at char 164817)
store AFTER   fb640ca0baf92bbb122b1ad7e25c5a88   (1978074 bytes, +0)
byte check: reversing every declared replacement reproduces the store byte-for-byte — the ONLY bytes that differ are the declared field values.
WRITTEN and re-read: 1 row(s) edited, 2650 rows in the store, every other row untouched.
season clock  re-derived from the edited store by season_state.derive (the sole deriver)
    source_store_md5  daa93053bc2d -> fb640ca0baf9
    every derived VALUE asserted unchanged (10 field(s) checked); WRITTEN and re-read.
    [store_edit OK  0.14s]

--- STEP 2/11  build_proofs   bare build, predicted identity, switch leg, day-0 ---
build         rc=0 board=82fcd8bb1e552b927299b5702122e321  (121.6s)
built FROM the edited store: sidecar source_md5 fb640ca0baf9 == the store this act wrote
MOVERS — EVERY ONE, WITH VALUES  (1 of 1002 valued row(s) moved)
    will-graham                  Will Graham                1533 -> 1271   (-262)  [active]
pool (sum of active v)  700119 -> 699857  (-262)
DECLARED MOVERS MET: 1 of 1, each key and both values
PREDICTED BOARD MET: 82fcd8bb1e552b927299b5702122e321 == prereg docs/evidence/graham_dual_2026-08-24/PREREG.md
day-0 re-base : OFF (default). No day-0 reference is regenerated by this landing.
installed     board + both sidecars + the generator copy (4 files, lockstep)
    [build_proofs OK  121.67s]

--- STEP 3/11  pins           expected_boot + both sidecars + the generator copy ---
published board  82fcd8bb1e552b927299b5702122e321
generator board  82fcd8bb1e552b927299b5702122e321
both sidecars agree with the board beside them and with the live store. OK.
delegated     balanced_board_md5   is written by engine/rl_after/ingestion/sibling_repin.py (the sibling step), not here
COMPUTED from the tree (never typed): board        = 82fcd8bb1e552b927299b5702122e321
  expected_boot board        6fd0f7ded2b2 -> 82fcd8bb1e55   (old value occurs 1 time(s))
COMPUTED from the tree (never typed): store        = fb640ca0baf92bbb122b1ad7e25c5a88
  expected_boot store        daa93053bc2d -> fb640ca0baf9   (old value occurs 1 time(s))
fields that moved in expected_boot.json: ['board', 'store']
must-not-move list: 9 checked, 0 moved
byte check: the ONLY bytes that differ are the declared pin values.
WRITTEN and re-read.
    [pins OK  0.02s]

--- STEP 4/11  lineage        the out-of-round column and the append-only entry ---
column        graham-dual-40-24-8 registered (dry_run=False)
ASSERTED: the newest stored point is this column, naming the live board 82fcd8bb1e552b927299b5702122e321
chain GAP, CLOSED BY EVIDENCE — bridged by the ROUND 24 advance (board b3e8da99 -> 6fd0f7de, store b745002e -> daa93053)
append-only OK: 13 prior entries byte-verbatim; top-level baseline 06d8af60b679a12db07c064c60c065f9 / v2.11-present-lens-baseline UNMOVED
MOVED by this transition: ['board', 'store'] (of 11 identities)
re-read OK: round-trips at indent=1; prior entries still byte-verbatim.
    [lineage OK  0.18s]

--- STEP 5/11  contract       restamp_dynamic + the bake-lane repin + check ---
contract seal self-consistent before the act: 7bd074ae626f
  config       eed19a75f775aeafe4ee5ea4b3990667192d8f90389ad6b0e8318e91062d14c1   == expected_boot
  engine_head  3af8c1f7d61275c198a5df70c34608c7   == expected_boot
  rl_model     6fe7c4155866d80e8045bed2d3bf2802   == expected_boot
  fv           6e9a370e5970c5aefa859858070f4c3420f0177b4698d6fac90bd08bf1780346   == expected_boot
  store        fb640ca0baf92bbb122b1ad7e25c5a88   == expected_boot
  board        82fcd8bb1e552b927299b5702122e321   == expected_boot
WRITER 1: release_contract.restamp_dynamic(root, as_of_round=24, store, board, season_state)
   restamp_dynamic returned seal 01e4630d1b7b
WRITER 2: the bake-lane identities restamp_dynamic does not touch
  contract config_sha256      eed19a75f775 -> eed19a75f775
  contract identities.engine_head  3af8c1f7d612 -> 3af8c1f7d612
  contract identities.rl_model     6fe7c4155866 -> 6fe7c4155866
  contract identities.fv           6e9a370e5970 -> 6e9a370e5970
  contract_sha256             01e4630d1b7b -> 01e4630d1b7b
  frozen fields asserted unmoved: 10 checked, 0 moved
RE-STAMPED, re-read, and release_contract.py check PASSES.
    [contract OK  0.07s]

--- STEP 6/11  sibling        the balanced sibling, rebuilt and reconciled if moved ---
verify BEFORE : ok=False balanced=ca8cb17e960b fails=10
    - forward reference vector for ca8cb17e missing
    - forward oracle test_forward_lens_82fcd8bb.py missing
    - working canonical board stamp != 82fcd8bb
    - working store stamp != fb640ca0
    - public rows disagree with the canonical board for 41 player(s)
    - sidecar source_store_md5 != current store
    - sidecar contract_sha256 != live contract seal
    - sidecar forward_board_md5 != the canonical board of record
    - sidecar forward_vector filename != regenerated forward vector
    - sidecar forward_oracle filename != regenerated forward oracle
reconcile     ok=True changed=True balanced ca8cb17e960b -> 8838f4b3ed50
  committed targets: board_view_public, board_view_working, forward_oracle, forward_vector, fv_test, manifest, reference_vector, release_contract, sidecar
verify AFTER  : ok=True fails=0
    [sibling OK  242.76s]

--- STEP 7/11  ui             ALL SIX UI writers, and the identity read back out ---
BEFORE  working 05b7257da6299707c76955b539ab6f8e  release-block=False
BEFORE  public  70bab90bcf5d0fb354f50efe3f142b57  release-block=False
BEFORE  mirror  5608bf86cf83544fac3bb99f3f6b6830  register=13 entr(ies)
BEFORE  movers  0daba7dacdaedec308672ea94834a500  model_changes=11 boundar(ies)
BEFORE  owners 843ae0343c47ad2baf40d319f5e0b1ee  pinned board=6fd0f7de store=daa93053
BEFORE  picks  87f6d8f972666ca4dcaa806324a12f0a  stamped board=6fd0f7de store=daa93053 R24
WRITER 1/6: ui/tools/extract_board_view.py
  working after writer 1: 05b7257da6299707c76955b539ab6f8e   release-block=False   <-- DROPPED, as it always is
WRITER 2/6: round_movers.inject_release_contract(bundle, root, 24)
  release block: {"as_of_round": 24, "balanced_board_md5": "06d8af60b679a12db07c064c60c065f9", "board": "82fcd8bb1e552b927299b5702122e321", "config": "eed19a75f775aeafe4ee5ea4b3990667192d8f90389ad6b0e8318e91062d14c1",
WRITER 3/6: ui/tools/generate_movers_transition.py  (the lineage projection — supervisor ruling on F-9)
  wrote: ui/data/movers_transition.js (77325 bytes)
  register entries mirrored: 14
  drift guard: mirror OK — committed == projected (77325 bytes, 14 register entries)
  mirror register == lineage register: 14 entr(ies), EQUAL  (the F-9 predicate holds)
WRITER 4/6: ui/tools/rebuild_movers_derived.py  (points / values / model_changes — supervisor ruling on F-10)
  wrote: ui/data/movers.js (4191290 -> 4237736 bytes, latest report R24)
  derived blocks changed: points, values, model_changes
  drift guard: derived blocks OK — committed == rebuilt (4237736 bytes, latest report R24)
  shipped model_changes == live-derived: 12 boundar(ies), EQUAL  (the F-10 predicate holds)
WRITER 5/6: ui/tools/ingest_inputs.py --mirror-only  (the ownership mirror, re-pinned to the landed board + store)
  LIVE MIRROR    — 804 players mirrored FROM THE STORE, 0 overriding (0 by construction since #283).  Bundle: /tmp/graham_flight_1756/sandbox/ui/data/ownership.js
  MIRROR-ONLY    — the club-valuation bundle was computed and DISCARDED; the store apply did not run (this lane reads the store, never writes it).
  drift guard: MIRROR DRIFT GUARD — ui/data/ownership.js is byte-identical to what this tree projects (74786 bytes).
  mirror pin == the landed identity: board 82fcd8bb store fb640ca0 R24, 804 player(s) mirrored (pin() would ACTIVATE it)
WRITER 6/6: ui/tools/ingest_inputs.py --clubs-only  (the picks bundle, re-stamped to the landed board + store)
  CLEAN INGEST — 160 picks priced off engine/rl_after/pvc_curve_v2.json (RL_PVC2), 16 clubs.  Bundle: /tmp/graham_flight_1756/sandbox/ui/data/club_valuation.js
  CLUBS-ONLY     — the ownership mirror was computed and DISCARDED; the store apply did not run (this lane reads the store, never writes it).
  drift guard: PICKS DRIFT GUARD — ui/data/club_valuation.js is byte-identical to what this tree projects (40600 bytes).
  picks stamp == the landed identity: board 82fcd8bb store fb640ca0 R24, 160 pick(s) priced off 9729f0c5 (pin() would ACCEPT it)
AFTER   working cccc8c8f933b7ef891a0787c17f10b4f  release-block=True
AFTER   public  70bab90bcf5d0fb354f50efe3f142b57  release-block=False
AFTER   movers  98d87764258685e3ce7f41372ea067a5  MOVED 0daba7dacdae -> 98d877642586, tracking the register append
AFTER   mirror  f4c8f107c17b2a49328a1a6e9b7cff91  MOVED 5608bf86cf83 -> f4c8f107c17b, tracking the lineage append
AFTER   owners cc6b0d847d710b5554047c20cb08c579  MOVED 843ae0343c47 -> cc6b0d847d71, tracking the landed board + store
AFTER   picks  b08ae50906c2b4c2cfb923668d3b13d1  MOVED 87f6d8f97266 -> b08ae50906c2, tracking the landed board + store
  stamp.board_md5            82fcd8bb1e552b927299b5702122e321   OK
  stamp.board                82fcd8bb1e552b927299b5702122e321   OK
  stamp.srcmd5               82fcd8bb1e552b927299b5702122e321   OK
  stamp.store_md5            fb640ca0baf92bbb122b1ad7e25c5a88   OK
  stamp.balanced_board_md5   8838f4b3ed5089788c48a2657606711c   OK
  stamp.asOfRound            24                                 OK
THE HTML APP'S EMBEDDED BOARD IDENTITY IS 82fcd8bb1e552b927299b5702122e321. All six writers ran; the release block is back, the reader can see the transition that produced this board, the ownership mirror is pinned to it rather than to the store it replaced, and the pick surface is stamped to it rather than to the board before it.
    [ui OK  1.71s]
    build-lock: RELEASED after 'ui' — the remaining steps write nothing and the one gate that builds takes the lock itself.

--- STEP 8/11  state          docs/STATE.md regenerated from the carriers (3c) ---
state: docs/STATE.md md5 69459e9fa09e62c2ade41662c4a88935 (moved); regeneration verified
    [state OK  0.13s]

--- STEP 9/11  gates          the landing gate set, verdicts off exit codes ---
  release_manifest_check   PASS   exit=0  (0.1s)
  release_contract_check   PASS   exit=0  (0.1s)
  acceptance_runner        FAIL   exit=1  (30.2s)
    [gates FAILED  30.31s]

======================================================================================================
LANDING ABORTED AT STEP 'gates'
======================================================================================================
  gate acceptance_runner did not pass (exit 1; 'GREEN' absent from output):
  t.txt
    boot_guard_checkout      /tmp/graham_flight_1756/sandbox/docs/evidence/graham_dual_2026-08-24/gate_acceptance_runner_evidence/boot_guard_checkout.txt
    config_manifest          /tmp/graham_flight_1756/sandbox/docs/evidence/graham_dual_2026-08-24/gate_acceptance_runner_evidence/config_manifest.txt
    ruling_config            /tmp/graham_flight_1756/sandbox/docs/evidence/graham_dual_2026-08-24/gate_acceptance_runner_evidence/ruling_config.txt
    release_contract_seal    /tmp/graham_flight_1756/sandbox/docs/evidence/graham_dual_2026-08-24/gate_acceptance_runner_evidence/release_contract_seal.txt
    store_coherence_six_way  /tmp/graham_flight_1756/sandbox/docs/evidence/graham_dual_2026-08-24/gate_acceptance_runner_evidence/store_coherence_six_way.txt
    doc_lint                 /tmp/graham_flight_1756/sandbox/docs/evidence/graham_dual_2026-08-24/gate_acceptance_runner_evidence/doc_lint.txt
    rulebook_lint            /tmp/graham_flight_1756/sandbox/docs/evidence/graham_dual_2026-08-24/gate_acceptance_runner_evidence/rulebook_lint.txt
    ruled_red_ledger         /tmp/graham_flight_1756/sandbox/docs/evidence/graham_dual_2026-08-24/gate_acceptance_runner_evidence/ruled_red_ledger.txt
    inbox_manifest           /tmp/graham_flight_1756/sandbox/docs/evidence/graham_dual_2026-08-24/gate_acceptance_runner_evidence/inbox_manifest.txt
    mirror_parity            /tmp/graham_flight_1756/sandbox/docs/evidence/graham_dual_2026-08-24/gate_acceptance_runner_evidence/mirror_parity.txt
    dial_coverage            /tmp/graham_flight_1756/sandbox/docs/evidence/graham_dual_2026-08-24/gate_acceptance_runner_evidence/dial_coverage.txt
    oneliner_gamma           /tmp/graham_flight_1756/sandbox/docs/evidence/graham_dual_2026-08-24/gate_acceptance_runner_evidence/oneliner_gamma.txt
    oneliner_r14_restore     /tmp/graham_flight_1756/sandbox/docs/evidence/graham_dual_2026-08-24/gate_acceptance_runner_evidence/oneliner_r14_restore.txt
    oneliner_f1_lens         /tmp/graham_flight_1756/sandbox/docs/evidence/graham_dual_2026-08-24/gate_acceptance_runner_evidence/oneliner_f1_lens.txt
    register_form            /tmp/graham_flight_1756/sandbox/docs/evidence/graham_dual_2026-08-24/gate_acceptance_runner_evidence/register_form_index.txt
    state_file               /tmp/graham_flight_1756/sandbox/docs/evidence/graham_dual_2026-08-24/gate_acceptance_runner_evidence/state_file.txt
  
  AGGREGATE  17 checks  |  PASS 16  FAIL 1  BLOCKED 0  RULED-RED 0
  VERDICT    RED — 1 gating failure(s): inbox_manifest
  
  
  PER-CHECK RAW OUTPUT: /tmp/graham_flight_1756/sandbox/docs/evidence/graham_dual_2026-08-24/gate_acceptance_runner_evidence

carriers that moved before the failure: 44
    data/expected_boot.json                                          4cb6bd57183d -> 94a7fecb975a
    data/release_contract.json                                       391b34c8a629 -> b0fb2ae36034
    data/release_lineage.json                                        1aa3d62e5f30 -> 2a88e18e9201
    data/rl_build/rl_app_data.json                                   6fd0f7ded2b2 -> 82fcd8bb1e55
    data/rl_build/rl_app_data.json.srcmd5                            addb18f542ee -> eb2e23724453
    data/season_state.json                                           90b36bbf8c11 -> fe7b7b9e8c41
    docs/STATE.md                                                    65c99c9b4179 -> 69459e9fa09e
    engine/rl_after/ingestion/.sibling_txn/txn_24_8838f4b3/journal.jsonl ABSENT -> 7adecc694211
    engine/rl_after/ingestion/.sibling_txn/txn_24_8838f4b3/manifest.json ABSENT -> fe60735297e4
    engine/rl_after/ingestion/.sibling_txn/txn_24_8838f4b3/originals/board_view_public ABSENT -> 0d9089ecb6de
    engine/rl_after/ingestion/.sibling_txn/txn_24_8838f4b3/originals/board_view_working ABSENT -> 6a611cf9bd70
    engine/rl_after/ingestion/.sibling_txn/txn_24_8838f4b3/originals/forward_oracle.ABSENT ABSENT -> f99474d51b6c
    engine/rl_after/ingestion/.sibling_txn/txn_24_8838f4b3/originals/forward_vector.ABSENT ABSENT -> a45357d154e5
    engine/rl_after/ingestion/.sibling_txn/txn_24_8838f4b3/originals/fv_test ABSENT -> 22af7f0d638c
    engine/rl_after/ingestion/.sibling_txn/txn_24_8838f4b3/originals/manifest ABSENT -> ad7d41ff5c4b
    engine/rl_after/ingestion/.sibling_txn/txn_24_8838f4b3/originals/reference_vector.ABSENT ABSENT -> 8d44e6269cda
    engine/rl_after/ingestion/.sibling_txn/txn_24_8838f4b3/originals/release_contract ABSENT -> f690187c05bb
    engine/rl_after/ingestion/.sibling_txn/txn_24_8838f4b3/originals/sidecar ABSENT -> 29e2ff0c3c98
    engine/rl_after/ingestion/.sibling_txn/txn_24_8838f4b3/staged/board_view_public ABSENT -> 70bab90bcf5d
    engine/rl_after/ingestion/.sibling_txn/txn_24_8838f4b3/staged/board_view_working ABSENT -> 05b7257da629
    engine/rl_after/ingestion/.sibling_txn/txn_24_8838f4b3/staged/forward_oracle ABSENT -> 922edccb6946
    engine/rl_after/ingestion/.sibling_txn/txn_24_8838f4b3/staged/forward_vector ABSENT -> 24383eee9440
    engine/rl_after/ingestion/.sibling_txn/txn_24_8838f4b3/staged/fv_test ABSENT -> 0222f8be2f41
    engine/rl_after/ingestion/.sibling_txn/txn_24_8838f4b3/staged/manifest ABSENT -> 94a7fecb975a
    engine/rl_after/ingestion/.sibling_txn/txn_24_8838f4b3/staged/reference_vector ABSENT -> 66db40d67bfd
    engine/rl_after/ingestion/.sibling_txn/txn_24_8838f4b3/staged/release_contract ABSENT -> b0fb2ae36034
    engine/rl_after/ingestion/.sibling_txn/txn_24_8838f4b3/staged/sidecar ABSENT -> fe3115454f9d
    engine/rl_after/ingestion/pos_rank_history.json                  478b5fafaba4 -> d676783e8f7a
    engine/rl_after/ingestion/rank_history.json                      31eaf30627fe -> edacdfdcbeff
    engine/rl_after/ingestion/sibling_repin_state.json               29e2ff0c3c98 -> fe3115454f9d
    engine/rl_after/ingestion/value_history.json                     4a5ae14f7803 -> 5dd849aeb172
    engine/rl_after/rl_app_data.json                                 6fd0f7ded2b2 -> 82fcd8bb1e55
    engine/rl_after/rl_app_data.json.srcmd5                          addb18f542ee -> eb2e23724453
    engine/rl_after/rl_model_data.json                               daa93053bc2d -> fb640ca0baf9
    session_2026-07-20/fv_provenance_remediation/fixtures/forward_vector_82fcd8bb.json ABSENT -> 24383eee9440
    session_2026-07-20/fv_provenance_remediation/fixtures/reference_vector_8838f4b3.json ABSENT -> 66db40d67bfd
    session_2026-07-20/fv_provenance_remediation/test_forward_lens_82fcd8bb.py ABSENT -> 922edccb6946
    session_2026-07-20/fv_provenance_remediation/test_fv_provenance.py 22af7f0d638c -> 0222f8be2f41
    ui/data/board_view_public.js                                     0d9089ecb6de -> 70bab90bcf5d
    ui/data/board_view_working.js                                    6a611cf9bd70 -> cccc8c8f933b
    ui/data/club_valuation.js                                        87f6d8f97266 -> b08ae50906c2
    ui/data/movers.js                                                0daba7dacdae -> 98d877642586
    ui/data/movers_transition.js                                     5608bf86cf83 -> f4c8f107c17b
    ui/data/ownership.js                                             843ae0343c47 -> cc6b0d847d71
RESTORING 44 carrier(s):
    rewrite  data/expected_boot.json
    rewrite  data/release_contract.json
    rewrite  data/release_lineage.json
    rewrite  data/rl_build/rl_app_data.json
    rewrite  data/rl_build/rl_app_data.json.srcmd5
    rewrite  data/season_state.json
    rewrite  docs/STATE.md
    delete   engine/rl_after/ingestion/.sibling_txn/txn_24_8838f4b3/journal.jsonl
    delete   engine/rl_after/ingestion/.sibling_txn/txn_24_8838f4b3/manifest.json
    delete   engine/rl_after/ingestion/.sibling_txn/txn_24_8838f4b3/originals/board_view_public
    delete   engine/rl_after/ingestion/.sibling_txn/txn_24_8838f4b3/originals/board_view_working
    delete   engine/rl_after/ingestion/.sibling_txn/txn_24_8838f4b3/originals/forward_oracle.ABSENT
    delete   engine/rl_after/ingestion/.sibling_txn/txn_24_8838f4b3/originals/forward_vector.ABSENT
    delete   engine/rl_after/ingestion/.sibling_txn/txn_24_8838f4b3/originals/fv_test
    delete   engine/rl_after/ingestion/.sibling_txn/txn_24_8838f4b3/originals/manifest
    delete   engine/rl_after/ingestion/.sibling_txn/txn_24_8838f4b3/originals/reference_vector.ABSENT
    delete   engine/rl_after/ingestion/.sibling_txn/txn_24_8838f4b3/originals/release_contract
    delete   engine/rl_after/ingestion/.sibling_txn/txn_24_8838f4b3/originals/sidecar
    delete   engine/rl_after/ingestion/.sibling_txn/txn_24_8838f4b3/staged/board_view_public
    delete   engine/rl_after/ingestion/.sibling_txn/txn_24_8838f4b3/staged/board_view_working
    delete   engine/rl_after/ingestion/.sibling_txn/txn_24_8838f4b3/staged/forward_oracle
    delete   engine/rl_after/ingestion/.sibling_txn/txn_24_8838f4b3/staged/forward_vector
    delete   engine/rl_after/ingestion/.sibling_txn/txn_24_8838f4b3/staged/fv_test
    delete   engine/rl_after/ingestion/.sibling_txn/txn_24_8838f4b3/staged/manifest
    delete   engine/rl_after/ingestion/.sibling_txn/txn_24_8838f4b3/staged/reference_vector
    delete   engine/rl_after/ingestion/.sibling_txn/txn_24_8838f4b3/staged/release_contract
    delete   engine/rl_after/ingestion/.sibling_txn/txn_24_8838f4b3/staged/sidecar
    rewrite  engine/rl_after/ingestion/pos_rank_history.json
    rewrite  engine/rl_after/ingestion/rank_history.json
    rewrite  engine/rl_after/ingestion/sibling_repin_state.json
    rewrite  engine/rl_after/ingestion/value_history.json
    rewrite  engine/rl_after/rl_app_data.json
    rewrite  engine/rl_after/rl_app_data.json.srcmd5
    rewrite  engine/rl_after/rl_model_data.json
    delete   session_2026-07-20/fv_provenance_remediation/fixtures/forward_vector_82fcd8bb.json
    delete   session_2026-07-20/fv_provenance_remediation/fixtures/reference_vector_8838f4b3.json
    delete   session_2026-07-20/fv_provenance_remediation/test_forward_lens_82fcd8bb.py
    rewrite  session_2026-07-20/fv_provenance_remediation/test_fv_provenance.py
    rewrite  ui/data/board_view_public.js
    rewrite  ui/data/board_view_working.js
    rewrite  ui/data/club_valuation.js
    rewrite  ui/data/movers.js
    rewrite  ui/data/movers_transition.js
    rewrite  ui/data/ownership.js

ABORT PROOF: every carrier is BYTE-EXACT to the identity captured at step 0.

THE RECOVERY LADDER: abort-then-retry is the recovery. A landing this lander cannot
complete after abort+retry is a round that SLIPS, on the owner's call — never an
improvised manual landing under pressure.
======================================================================================================

--- STEP TIMING, MACHINE-RECORDED (the M2 measure-then-quote ruling) ---
    preflight          0.07s  OK
    store_edit         0.14s  OK
    build_proofs     121.67s  OK
    pins               0.02s  OK
    lineage            0.18s  OK
    contract           0.07s  OK
    sibling          242.76s  OK
    ui                 1.71s  OK
    state              0.13s  OK
    gates             30.31s  FAIL
    TOTAL            397.06s
work dir discarded (the abort proved every carrier byte-exact): /tmp/landing_work_1808
